<?xml version="1.0" encoding="UTF-8"?>
<testsuites name="jest tests" tests="6" failures="0" errors="0" time="6.588">
  <testsuite name="userPreferenceSlice reducer" errors="0" failures="0" skipped="0" timestamp="2023-04-28T15:12:43" time="6.199" tests="6">
    <testcase classname="userPreferenceSlice reducer should return the initial state" name="userPreferenceSlice reducer should return the initial state" time="0.002">
    </testcase>
    <testcase classname="userPreferenceSlice reducer should handle updateSortOptions action" name="userPreferenceSlice reducer should handle updateSortOptions action" time="0.001">
    </testcase>
    <testcase classname="userPreferenceSlice reducer should handle updateFilterOptions action" name="userPreferenceSlice reducer should handle updateFilterOptions action" time="0.001">
    </testcase>
    <testcase classname="userPreferenceSlice reducer should handle removeFilterOption action" name="userPreferenceSlice reducer should handle removeFilterOption action" time="0.001">
    </testcase>
    <testcase classname="userPreferenceSlice reducer Selectors should selectSortOptions" name="userPreferenceSlice reducer Selectors should selectSortOptions" time="0">
    </testcase>
    <testcase classname="userPreferenceSlice reducer Selectors should selectFilterOptions" name="userPreferenceSlice reducer Selectors should selectFilterOptions" time="0">
    </testcase>
  </testsuite>
</testsuites>